
> workspace@0.0.0 build C:\Users\MR.ROBOT\OneDrive - Park University\Desktop\NEW ISHU\ishu
> pnpm run typecheck && pnpm -r --if-present run build


> workspace@0.0.0 typecheck C:\Users\MR.ROBOT\OneDrive - Park University\Desktop\NEW ISHU\ishu
> pnpm run typecheck:libs && pnpm -r --filter "./artifacts/**" --filter "./scripts" --if-present run typecheck


> workspace@0.0.0 typecheck:libs C:\Users\MR.ROBOT\OneDrive - Park University\Desktop\NEW ISHU\ishu
> tsc --build

Scope: 4 of 9 workspace projects
artifacts/api-server typecheck$ tsc -p tsconfig.json --noEmit
artifacts/ishu typecheck$ tsc -p tsconfig.json --noEmit
artifacts/mockup-sandbox typecheck$ tsc -p tsconfig.json --noEmit
scripts typecheck$ tsc -p tsconfig.json --noEmit
scripts typecheck: Done
artifacts/api-server typecheck: Done
artifacts/mockup-sandbox typecheck: Done
artifacts/ishu typecheck: Done
Scope: 8 of 9 workspace projects
artifacts/mockup-sandbox build$ vite build
artifacts/mockup-sandbox build: [36mvite v7.3.1 [32mbuilding client environment for production...[36m[39m
artifacts/mockup-sandbox build: transforming...
artifacts/mockup-sandbox build: [32mΓ£ô[39m 30 modules transformed.
artifacts/mockup-sandbox build: rendering chunks...
artifacts/mockup-sandbox build: computing gzip size...
artifacts/mockup-sandbox build: [2mdist/[22m[32mindex.html                 [39m[1m[2m  4.45 kB[22m[1m[22m[2m Γöé gzip:  1.24 kB[22m
artifacts/mockup-sandbox build: [2mdist/[22m[35massets/index-BhVw-XfD.css  [39m[1m[2m 89.70 kB[22m[1m[22m[2m Γöé gzip: 14.88 kB[22m
artifacts/mockup-sandbox build: [2mdist/[22m[36massets/index-ZTNvmnih.js   [39m[1m[2m187.72 kB[22m[1m[22m[2m Γöé gzip: 59.51 kB[22m
artifacts/mockup-sandbox build: [32mΓ£ô built in 580ms[39m
artifacts/mockup-sandbox build: Done
artifacts/api-server build$ node ./build.mjs
artifacts/ishu build$ vite build --config vite.config.ts
artifacts/ishu build: [36mvite v7.3.1 [32mbuilding client environment for production...[36m[39m
artifacts/ishu build: transforming...
artifacts/api-server build:   dist\index.mjs                   5.4mb
artifacts/api-server build:   dist\pino-worker.mjs           153.5kb
artifacts/api-server build:   dist\pino-file.mjs             142.1kb
artifacts/api-server build:   dist\pino-pretty.mjs           114.6kb
artifacts/api-server build:   dist\thread-stream-worker.mjs    7.3kb
artifacts/api-server build:   ...and 5 more output files...
artifacts/api-server build: Done in 367ms
artifacts/api-server build: Done
artifacts/ishu build: [33msrc/components/ui/tooltip.tsx (2:0): Error when using sourcemap for reporting an error: Can't resolve original location of error.[39m
artifacts/ishu build: [33msrc/components/ui/dropdown-menu.tsx (2:0): Error when using sourcemap for reporting an error: Can't resolve original location of error.[39m
artifacts/ishu build: [33msrc/components/ui/label.tsx (2:0): Error when using sourcemap for reporting an error: Can't resolve original location of error.[39m
artifacts/ishu build: [32mΓ£ô[39m 3673 modules transformed.
artifacts/ishu build: [31mΓ£ù[39m Build failed in 6.02s
artifacts/ishu build: [31merror during build:
artifacts/ishu build: [31m../modules/Contact/MapSection/frontend/index.tsx (12:9): "MAP_CENTER" is not exported by "../modules/Contact/_shared/constants.ts", imported by "../modules/Contact/MapSection/frontend/index.tsx".[31m
artifacts/ishu build: file: [36mC:/Users/MR.ROBOT/OneDrive - Park University/Desktop/NEW ISHU/ishu/artifacts/modules/Contact/MapSection/frontend/index.tsx:12:9[31m
artifacts/ishu build: [33m
artifacts/ishu build: 10: 
artifacts/ishu build: 11: import { Suspense, lazy, useState, useEffect } from "react";
artifacts/ishu build: 12: import { MAP_CENTER, MAP_ZOOM, MAP_LOCATIONS } from "../../_shared/constants";
artifacts/ishu build:              ^
artifacts/ishu build: 13: import styles from "./styles.module.css";
artifacts/ishu build: 14: import { MapPin } from "lucide-react";
artifacts/ishu build: [31m
artifacts/ishu build:     at getRollupError (file:///C:/Users/MR.ROBOT/OneDrive%20-%20Park%20University/Desktop/NEW%20ISHU/ishu/node_modules/.pnpm/rollup@4.59.0/node_modules/rollup/dist/es/shared/parseAst.js:402:41)
artifacts/ishu build:     at error (file:///C:/Users/MR.ROBOT/OneDrive%20-%20Park%20University/Desktop/NEW%20ISHU/ishu/node_modules/.pnpm/rollup@4.59.0/node_modules/rollup/dist/es/shared/parseAst.js:398:42)
artifacts/ishu build:     at Module.error (file:///C:/Users/MR.ROBOT/OneDrive%20-%20Park%20University/Desktop/NEW%20ISHU/ishu/node_modules/.pnpm/rollup@4.59.0/node_modules/rollup/dist/es/shared/node-entry.js:17040:16)
artifacts/ishu build:     at Module.traceVariable (file:///C:/Users/MR.ROBOT/OneDrive%20-%20Park%20University/Desktop/NEW%20ISHU/ishu/node_modules/.pnpm/rollup@4.59.0/node_modules/rollup/dist/es/shared/node-entry.js:17452:29)
artifacts/ishu build:     at ModuleScope.findVariable (file:///C:/Users/MR.ROBOT/OneDrive%20-%20Park%20University/Desktop/NEW%20ISHU/ishu/node_modules/.pnpm/rollup@4.59.0/node_modules/rollup/dist/es/shared/node-entry.js:15070:39)
artifacts/ishu build:     at FunctionScope.findVariable (file:///C:/Users/MR.ROBOT/OneDrive%20-%20Park%20University/Desktop/NEW%20ISHU/ishu/node_modules/.pnpm/rollup@4.59.0/node_modules/rollup/dist/es/shared/node-entry.js:5673:38)
artifacts/ishu build:     at FunctionBodyScope.findVariable (file:///C:/Users/MR.ROBOT/OneDrive%20-%20Park%20University/Desktop/NEW%20ISHU/ishu/node_modules/.pnpm/rollup@4.59.0/node_modules/rollup/dist/es/shared/node-entry.js:5673:38)
artifacts/ishu build:     at MemberExpression.bind (file:///C:/Users/MR.ROBOT/OneDrive%20-%20Park%20University/Desktop/NEW%20ISHU/ishu/node_modules/.pnpm/rollup@4.59.0/node_modules/rollup/dist/es/shared/node-entry.js:7392:49)
artifacts/ishu build:     at ArrayExpression.bind (file:///C:/Users/MR.ROBOT/OneDrive%20-%20Park%20University/Desktop/NEW%20ISHU/ishu/node_modules/.pnpm/rollup@4.59.0/node_modules/rollup/dist/es/shared/node-entry.js:2825:28)
artifacts/ishu build:     at Property.bind (file:///C:/Users/MR.ROBOT/OneDrive%20-%20Park%20University/Desktop/NEW%20ISHU/ishu/node_modules/.pnpm/rollup@4.59.0/node_modules/rollup/dist/es/shared/node-entry.js:2829:23)[39m
artifacts/ishu build: Failed
C:\Users\MR.ROBOT\OneDrive - Park University\Desktop\NEW ISHU\ishu\artifacts\ishu:
ΓÇëERR_PNPM_RECURSIVE_RUN_FIRST_FAILΓÇë @workspace/ishu@0.0.0 build: `vite build --config vite.config.ts`
Exit status 1
ΓÇëELIFECYCLEΓÇë Command failed with exit code 1.
